../Core/Src/main.c:160:5:main	440	static
../Core/Src/main.c:381:6:SystemClock_Config	88	static
../Core/Src/main.c:425:13:MX_ADC1_Init	24	static
../Core/Src/main.c:475:13:MX_CRC_Init	8	static
../Core/Src/main.c:501:13:MX_SPI1_Init	8	static
../Core/Src/main.c:539:13:MX_TIM2_Init	32	static
../Core/Src/main.c:584:13:MX_TIM3_Init	32	static
../Core/Src/main.c:629:13:MX_TIM4_Init	32	static
../Core/Src/main.c:674:13:MX_TIM5_Init	32	static
../Core/Src/main.c:719:13:MX_USART1_UART_Init	8	static
../Core/Src/main.c:746:13:MX_USART1_UART_Init_2	8	static
../Core/Src/main.c:780:13:MX_USART2_UART_Init	8	static
../Core/Src/main.c:813:13:MX_USART6_UART_Init	8	static
../Core/Src/main.c:844:13:MX_DMA_Init	16	static
../Core/Src/main.c:862:13:MX_GPIO_Init	48	static
../Core/Src/main.c:941:6:CMD_Send	40	static
../Core/Src/main.c:957:9:CMD_Parse	24	static
../Core/Src/main.c:974:6:HAL_UART_RxCpltCallback	32	static
../Core/Src/main.c:1039:6:HAL_UART_ErrorCallback	16	static
../Core/Src/main.c:1050:6:MODE_Set	24	static
../Core/Src/main.c:1070:6:HAL_TIM_PeriodElapsedCallback	16	static
../Core/Src/main.c:1090:6:HAL_GPIO_EXTI_Callback	16	static
../Core/Src/main.c:1094:6:RTTY_Send	32	static
../Core/Src/main.c:1107:6:RTTY_SendSingle	24	static
../Core/Src/main.c:1123:9:get_check_sum	32	static
../Core/Src/main.c:1130:9:crc_xor	32	static
../Core/Src/main.c:1138:6:make_string	128	static
../Core/Src/main.c:1169:6:make_string_gsm	64	static
../Core/Src/main.c:1188:7:temp_mcu	16	static
../Core/Src/main.c:1210:9:charToInt	24	static
../Core/Src/main.c:1228:6:Error_Handler	4	static,ignoring_inline_asm
