../Core/Src/main.c:161:5:main	400	static
../Core/Src/main.c:418:6:SystemClock_Config	88	static
../Core/Src/main.c:464:13:MX_ADC1_Init	24	static
../Core/Src/main.c:516:13:MX_CRC_Init	8	static
../Core/Src/main.c:542:13:MX_SPI1_Init	8	static
../Core/Src/main.c:580:13:MX_TIM2_Init	32	static
../Core/Src/main.c:625:13:MX_TIM3_Init	32	static
../Core/Src/main.c:670:13:MX_TIM4_Init	32	static
../Core/Src/main.c:715:13:MX_TIM5_Init	32	static
../Core/Src/main.c:760:13:MX_USART1_UART_Init	8	static
../Core/Src/main.c:793:13:MX_USART2_UART_Init	8	static
../Core/Src/main.c:826:13:MX_USART6_UART_Init	8	static
../Core/Src/main.c:857:13:MX_DMA_Init	16	static
../Core/Src/main.c:875:13:MX_GPIO_Init	48	static
../Core/Src/main.c:954:6:CMD_Send	40	static
../Core/Src/main.c:970:9:CMD_Parse	24	static
../Core/Src/main.c:987:6:HAL_UART_RxCpltCallback	32	static
../Core/Src/main.c:1055:6:HAL_UART_ErrorCallback	16	static
../Core/Src/main.c:1067:6:MODE_Set	24	static
../Core/Src/main.c:1087:6:HAL_TIM_PeriodElapsedCallback	16	static
../Core/Src/main.c:1107:6:HAL_GPIO_EXTI_Callback	16	static
../Core/Src/main.c:1111:6:RTTY_Send	32	static
../Core/Src/main.c:1124:6:RTTY_SendSingle	24	static
../Core/Src/main.c:1140:9:crc_xor	32	static
../Core/Src/main.c:1148:6:make_string	128	static
../Core/Src/main.c:1179:6:make_string_gsm	64	static
../Core/Src/main.c:1198:7:temp_mcu	16	static
../Core/Src/main.c:1220:9:charToInt	24	static
../Core/Src/main.c:1238:6:Error_Handler	4	static,ignoring_inline_asm
